../Core/Src/main.c:41:7:calculate_analog_value	24	static
../Core/Src/main.c:91:6:HAL_TIM_IC_CaptureCallback	16	static
../Core/Src/main.c:132:6:HAL_TIM_PeriodElapsedCallback	16	static
../Core/Src/main.c:143:6:HAL_ADC_ConvCpltCallback	24	static
../Core/Src/main.c:156:5:main	8	static
../Core/Src/main.c:203:6:SystemClock_Config	88	static
../Core/Src/main.c:247:13:MX_ADC1_Init	24	static
../Core/Src/main.c:345:13:MX_TIM1_Init	96	static
../Core/Src/main.c:420:13:MX_TIM2_Init	48	static
../Core/Src/main.c:474:13:MX_TIM3_Init	32	static
../Core/Src/main.c:519:13:MX_USART2_UART_Init	8	static
../Core/Src/main.c:550:13:MX_DMA_Init	16	static
../Core/Src/main.c:568:13:MX_GPIO_Init	48	static
../Core/Src/main.c:598:6:Error_Handler	4	static,ignoring_inline_asm
